<?xml version="1.0" encoding="UTF-8"?>
<testsuites name="Mocha Tests" time="0.022" tests="1" failures="0">
  <testsuite name="Root Suite" timestamp="2018-03-21T20:11:54" tests="0" failures="0" time="0">
  </testsuite>
  <testsuite name="Devices" timestamp="2018-03-21T20:11:54" tests="1" file="E:\myapp\test\test.spec.js" failures="0" time="0.022">
    <testcase name="Devices Should return multiple devices" time="0.022" classname="Should return multiple devices">
    </testcase>
  </testsuite>
</testsuites>